// Jest Snapshot v1, https://goo.gl/fbAQLP

exports[`should render ExpensListItem with expense 1`] = `
<Link
  className="list-item"
  replace={false}
  to="/edit/undefined"
>
  <div>
    <h3
      className="list-item__title"
    />
    <span
      className="list-teim__sub-title"
    >
      January 1st, 1970
    </span>
  </div>
  <h3
    className="list-teim__data"
  >
    $0.00
  </h3>
</Link>
`;
